============================= test session starts ==============================
platform darwin -- Python 3.14.2, pytest-9.0.2, pluggy-1.6.0 -- /usr/local/bin/python
cachedir: .pytest_cache
rootdir: ~/Projects/appmilla_github/fleet-memory/.guardkit/worktrees/FEAT-CA81
configfile: pyproject.toml
testpaths: tests
plugins: anyio-4.12.0, timeout-2.4.0, asyncio-1.3.0, langsmith-0.7.22, bdd-8.1.0, Faker-40.11.1, cov-7.0.0
asyncio: mode=Mode.AUTO, debug=False, asyncio_default_fixture_loop_scope=None, asyncio_default_test_loop_scope=function
collecting ... collected 110 items / 32 deselected / 78 selected

tests/unit/test_app_lifespan.py::test_lifespan_enters_and_exits_cleanly_with_fake_store PASSED [  1%]
tests/unit/test_app_lifespan.py::test_startup_failure_with_unreachable_database PASSED [  2%]
tests/unit/test_app_lifespan.py::test_app_import_succeeds_with_valid_env PASSED [  3%]
tests/unit/test_app_lifespan.py::test_no_subscribers_registered_on_broker PASSED [  5%]
tests/unit/test_credential_hygiene.py::TestEmbedServiceErrorHygiene::test_http_500_error_does_not_leak_password PASSED [  6%]
tests/unit/test_credential_hygiene.py::TestEmbedServiceErrorHygiene::test_malformed_json_error_does_not_leak_password PASSED [  7%]
tests/unit/test_credential_hygiene.py::TestEmbedServiceErrorHygiene::test_missing_data_field_error_does_not_leak_password PASSED [  8%]
tests/unit/test_credential_hygiene.py::TestEmbedServiceErrorHygiene::test_timeout_error_does_not_leak_password PASSED [ 10%]
tests/unit/test_credential_hygiene.py::TestEmbedServiceErrorHygiene::test_generic_exception_does_not_leak_password PASSED [ 11%]
tests/unit/test_credential_hygiene.py::TestStoreContextErrorHygiene::test_store_context_construction_does_not_expose_password PASSED [ 12%]
tests/unit/test_credential_hygiene.py::TestStoreContextErrorHygiene::test_settings_repr_does_not_expose_password_in_plain_text PASSED [ 14%]
tests/unit/test_credential_hygiene.py::TestErrorMessageFormat::test_embed_service_error_includes_safe_details PASSED [ 15%]
tests/unit/test_credential_hygiene.py::TestErrorMessageFormat::test_multiple_embed_errors_never_leak_password PASSED [ 16%]
tests/unit/test_embed.py::test_successful_embed_single_text PASSED       [ 17%]
tests/unit/test_embed.py::test_successful_embed_multiple_texts PASSED    [ 19%]
tests/unit/test_embed.py::test_embed_request_format PASSED               [ 20%]
tests/unit/test_embed.py::test_embed_url_normalization PASSED            [ 21%]
tests/unit/test_embed.py::test_dimension_mismatch_raises_error[512] PASSED [ 23%]
tests/unit/test_embed.py::test_dimension_mismatch_raises_error[767] PASSED [ 24%]
tests/unit/test_embed.py::test_dimension_mismatch_raises_error[769] PASSED [ 25%]
tests/unit/test_embed.py::test_dimension_mismatch_raises_error[1024] PASSED [ 26%]
tests/unit/test_embed.py::test_http_500_raises_embed_service_error PASSED [ 28%]
tests/unit/test_embed.py::test_malformed_json_raises_embed_service_error PASSED [ 29%]
tests/unit/test_embed.py::test_missing_data_field_raises_embed_service_error PASSED [ 30%]
tests/unit/test_embed.py::test_timeout_raises_embed_timeout_error PASSED [ 32%]
tests/unit/test_embed.py::test_embed_service_error_includes_url_not_credentials PASSED [ 33%]
tests/unit/test_embed.py::test_make_fake_embed_default_dims PASSED       [ 34%]
tests/unit/test_embed.py::test_make_fake_embed_custom_dims PASSED        [ 35%]
tests/unit/test_embed.py::test_make_fake_embed_deterministic PASSED      [ 37%]
tests/unit/test_embed.py::test_make_fake_embed_different_texts_different_vectors PASSED [ 38%]
tests/unit/test_embed.py::test_make_fake_embed_unit_norm PASSED          [ 39%]
tests/unit/test_fake_embed_fixture.py::test_fake_embed_produces_768_dim_vector PASSED [ 41%]
tests/unit/test_fake_embed_fixture.py::test_fake_embed_is_deterministic PASSED [ 42%]
tests/unit/test_fake_embed_fixture.py::test_fake_embed_different_inputs_differ PASSED [ 43%]
tests/unit/test_fake_embed_fixture.py::test_fake_embed_values_in_valid_range PASSED [ 44%]
tests/unit/test_scaffold.py::test_package_imports PASSED                 [ 46%]
tests/unit/test_scaffold.py::test_langgraph_store_import PASSED          [ 47%]
tests/unit/test_settings.py::TestSettingsValidation::test_missing_all_required_fields_names_each_field PASSED [ 48%]
tests/unit/test_settings.py::TestSettingsValidation::test_missing_pg_dsn_only PASSED [ 50%]
tests/unit/test_settings.py::TestSettingsValidation::test_missing_embed_url_only PASSED [ 51%]
tests/unit/test_settings.py::TestSettingsValidation::test_empty_string_pg_dsn_raises_validation_error PASSED [ 52%]
tests/unit/test_settings.py::TestSettingsValidation::test_whitespace_only_pg_dsn_raises_validation_error PASSED [ 53%]
tests/unit/test_settings.py::TestSettingsValidation::test_empty_string_embed_url_raises_validation_error PASSED [ 55%]
tests/unit/test_settings.py::TestSettingsValidation::test_whitespace_only_embed_url_raises_validation_error PASSED [ 56%]
tests/unit/test_settings.py::TestSettingsDefaults::test_all_defaults_match_documented_values PASSED [ 57%]
tests/unit/test_settings.py::TestSettingsDefaults::test_defaults_when_only_required_fields_provided PASSED [ 58%]
tests/unit/test_settings.py::TestSettingsPrefixIsolation::test_unprefixed_pg_dsn_is_ignored PASSED [ 60%]
tests/unit/test_settings.py::TestSettingsPrefixIsolation::test_unprefixed_embed_url_is_ignored PASSED [ 61%]
tests/unit/test_settings.py::TestSettingsPrefixIsolation::test_unprefixed_optional_fields_ignored PASSED [ 62%]
tests/unit/test_settings.py::TestSettingsEnvPrecedence::test_os_env_overrides_env_file PASSED [ 64%]
tests/unit/test_settings.py::TestSettingsEnvPrecedence::test_env_file_used_when_no_os_env PASSED [ 65%]
tests/unit/test_settings.py::TestSettingsNoForbiddenImports::test_settings_module_has_no_nats_imports PASSED [ 66%]
tests/unit/test_settings.py::TestSettingsNoForbiddenImports::test_settings_module_has_no_httpx_imports PASSED [ 67%]
tests/unit/test_settings.py::TestSettingsNoForbiddenImports::test_settings_module_has_no_psycopg_imports PASSED [ 69%]
tests/unit/test_settings.py::TestSettingsIntegration::test_ac001_verification_command PASSED [ 70%]
tests/unit/test_settings.py::TestSettingsIntegration::test_realistic_mac_dev_config PASSED [ 71%]
tests/unit/test_settings.py::TestSettingsIntegration::test_custom_override_values PASSED [ 73%]
tests/unit/test_store_validation.py::TestNamespaceValidation::test_namespace_validation_table[namespace0-True] PASSED [ 74%]
tests/unit/test_store_validation.py::TestNamespaceValidation::test_namespace_validation_table[namespace1-True] PASSED [ 75%]
tests/unit/test_store_validation.py::TestNamespaceValidation::test_namespace_validation_table[namespace2-True] PASSED [ 76%]
tests/unit/test_store_validation.py::TestNamespaceValidation::test_namespace_validation_table[namespace3-True] PASSED [ 78%]
tests/unit/test_store_validation.py::TestNamespaceValidation::test_namespace_validation_table[namespace4-True] PASSED [ 79%]
tests/unit/test_store_validation.py::TestNamespaceValidation::test_namespace_validation_table[namespace5-True] PASSED [ 80%]
tests/unit/test_store_validation.py::TestNamespaceValidation::test_namespace_validation_table[namespace6-False] PASSED [ 82%]
tests/unit/test_store_validation.py::TestNamespaceValidation::test_namespace_validation_table[namespace7-False] PASSED [ 83%]
tests/unit/test_store_validation.py::TestNamespaceValidation::test_namespace_validation_table[namespace8-False] PASSED [ 84%]
tests/unit/test_store_validation.py::TestNamespaceValidation::test_namespace_validation_table[namespace9-False] PASSED [ 85%]
tests/unit/test_store_validation.py::TestNamespaceValidation::test_namespace_validation_table[namespace10-False] PASSED [ 87%]
tests/unit/test_store_validation.py::TestNamespaceValidation::test_namespace_validation_table[namespace11-False] PASSED [ 88%]
tests/unit/test_store_validation.py::TestNamespaceValidation::test_namespace_validation_table[namespace12-False] PASSED [ 89%]
tests/unit/test_store_validation.py::TestNamespaceValidation::test_namespace_validation_table[namespace13-False] PASSED [ 91%]
tests/unit/test_store_validation.py::TestNamespaceValidation::test_namespace_validation_table[namespace14-False] PASSED [ 92%]
tests/unit/test_store_validation.py::TestNamespaceValidation::test_hyphen_namespace_explicit PASSED [ 93%]
tests/unit/test_store_validation.py::TestNamespaceValidation::test_valid_namespace_explicit PASSED [ 94%]
tests/unit/test_store_validation.py::TestStoreFactory::test_factory_construction_with_fake_embed PASSED [ 96%]
tests/unit/test_store_validation.py::TestStoreFactory::test_factory_construction_without_embed_fn PASSED [ 97%]
tests/unit/test_store_validation.py::test_pg_dsn_format_is_psycopg3_conninfo PASSED [ 98%]
tests/unit/test_store_validation.py::test_embed_callable_returns_768_dim_vectors PASSED [100%]

=============================== warnings summary ===============================
../../../../../../../../Library/Frameworks/Python.framework/Versions/3.14/lib/python3.14/site-packages/langchain_core/_api/deprecation.py:25
  /Library/Frameworks/Python.framework/Versions/3.14/lib/python3.14/site-packages/langchain_core/_api/deprecation.py:25: UserWarning: Core Pydantic V1 functionality isn't compatible with Python 3.14 or greater.
    from pydantic.v1.fields import FieldInfo as FieldInfoV1

tests/unit/test_app_lifespan.py::test_startup_failure_with_unreachable_database
  /Library/Frameworks/Python.framework/Versions/3.14/lib/python3.14/site-packages/langgraph/store/base/embed.py:413: DeprecationWarning: 'asyncio.iscoroutinefunction' is deprecated and slated for removal in Python 3.16; use inspect.iscoroutinefunction() instead
    asyncio.iscoroutinefunction(func)

-- Docs: https://docs.pytest.org/en/stable/how-to/capture-warnings.html
================================ tests coverage ================================
_______________ coverage: platform darwin, python 3.14.2-final-0 _______________

Name                           Stmts   Miss  Cover
--------------------------------------------------
src/fleet_memory/__init__.py       1      0   100%
src/fleet_memory/app.py           18      0   100%
src/fleet_memory/embed.py         61      5    92%
src/fleet_memory/errors.py        25      0   100%
src/fleet_memory/settings.py      19      0   100%
src/fleet_memory/store.py         47      4    91%
--------------------------------------------------
TOTAL                            171      9    95%
Coverage JSON written to file coverage_phase4_test.json
================ 78 passed, 32 deselected, 2 warnings in 7.66s =================
